core_cm7.h:1902:22:__NVIC_EnableIRQ	16	static
fsl_clock.h:1042:20:CLOCK_ControlGate	32	static
fsl_clock.h:1059:20:CLOCK_EnableClock	16	static
fsl_common.h:460:28:EnableIRQ	16	static
fsl_flexspi.h:387:20:FLEXSPI_SoftwareReset	16	static
fsl_flexspi.h:425:20:FLEXSPI_EnableInterrupts	16	static
fsl_flexspi.h:436:20:FLEXSPI_DisableInterrupts	16	static
fsl_flexspi.h:571:20:FLEXSPI_ClearInterruptStatusFlags	16	static
fsl_flexspi.h:640:20:FLEXSPI_GetBusIdleStatus	16	static
fsl_flexspi.c:123:10:FLEXSPI_GetInstance	24	static
fsl_flexspi.c:141:17:FLEXSPI_ConfigureDll	40	static
fsl_flexspi.c:196:10:FLEXSPI_CheckAndClearError	24	static
fsl_flexspi.c:242:6:FLEXSPI_Init	24	static
fsl_flexspi.c:335:6:FLEXSPI_GetDefaultConfig	24	static
fsl_flexspi.c:379:6:FLEXSPI_Deinit	16	static
fsl_flexspi.c:396:6:FLEXSPI_SetFlashConfig	40	static
fsl_flexspi.c:498:6:FLEXSPI_UpdateLUT	32	static
fsl_flexspi.c:530:6:FLEXSPI_UpdateRxSampleClock	24	static
fsl_flexspi.c:559:10:FLEXSPI_WriteBlocking	40	static
fsl_flexspi.c:618:10:FLEXSPI_ReadBlocking	48	static
fsl_flexspi.c:705:10:FLEXSPI_TransferBlocking	24	static
fsl_flexspi.c:772:6:FLEXSPI_TransferCreateHandle	32	static
fsl_flexspi.c:813:10:FLEXSPI_TransferNonBlocking	32	static
fsl_flexspi.c:890:10:FLEXSPI_TransferGetCount	32	static
fsl_flexspi.c:917:6:FLEXSPI_TransferAbort	16	static
fsl_flexspi.c:931:6:FLEXSPI_TransferHandleIRQ	48	static
fsl_flexspi.c:1042:6:FLEXSPI_DriverIRQHandler	8	static
